--- source code ---

			package main
			
			//go:generate gosb -source=input.go
			type A struct {
				F1 int 
				F2 *int
				F3 int`gosb:"optional"`
				F4 *int`gosb:"required"`
			}


--- generated code ---

// Code generated by go-struct-builder. DO NOT EDIT.
// Source: input.go

package main

import (
	"errors"
)

type ABuilder struct {
	x    *A
	mask []byte
}

func NewABuilder() *ABuilder {
	/**
	Required fields:
	1) F1 int
	2) F4 *int
	*/

	return &ABuilder{
		x:    new(A),
		mask: []byte{0x6},
	}
}

func (b *ABuilder) SetF1(v int) *ABuilder {
	b.x.F1 = v
	b.mask[1/8] &= ^uint8(1 << 1 % 8)
	return b
}

func (b *ABuilder) SetF2(v *int) *ABuilder {
	b.x.F2 = v
	return b
}

func (b *ABuilder) SetF3(v int) *ABuilder {
	b.x.F3 = v
	return b
}

func (b *ABuilder) SetF4(v *int) *ABuilder {
	b.x.F4 = v
	b.mask[2/8] &= ^uint8(1 << 2 % 8)
	return b
}

func (b *ABuilder) Build() (*A, error) {
	if (b.mask[1/8] & (1 << 1 % 8)) != 0 {
		return nil, errors.New("A.F1 field is not provided")
	}

	if (b.mask[2/8] & (1 << 2 % 8)) != 0 {
		return nil, errors.New("A.F4 field is not provided")
	}

	return b.x, nil
}
