--- source code ---

			package main
			
			type genericType[T any] struct {
				Field T
			}
	
			//go:generate gosb -source=input.go
			type A struct {
				F1 string
				F2 genericType[string]
				F3 genericType[genericType[string]]
			}


--- generated code ---

// Code generated by go-struct-builder. DO NOT EDIT.
// Source: input.go

package main

import (
	"errors"
)

type ABuilder struct {
	x    *A
	mask []byte
}

func NewABuilder() *ABuilder {
	/**
	Required fields:
	1) F1 string
	2) F2 genericType[string]
	3) F3 genericType[genericType[string]]
	*/

	return &ABuilder{
		x:    new(A),
		mask: []byte{0x6},
	}
}

func (b *ABuilder) SetF1(v string) *ABuilder {
	b.x.F1 = v
	b.mask[1/8] &= ^uint8(1 << 1 % 8)
	return b
}

func (b *ABuilder) SetF2(v genericType[string]) *ABuilder {
	b.x.F2 = v
	b.mask[2/8] &= ^uint8(1 << 2 % 8)
	return b
}

func (b *ABuilder) SetF3(v genericType[genericType[string]]) *ABuilder {
	b.x.F3 = v
	b.mask[3/8] &= ^uint8(1 << 3 % 8)
	return b
}

func (b *ABuilder) Build() (*A, error) {
	if (b.mask[1/8] & (1 << 1 % 8)) != 0 {
		return nil, errors.New("A.F1 field is not provided")
	}

	if (b.mask[2/8] & (1 << 2 % 8)) != 0 {
		return nil, errors.New("A.F2 field is not provided")
	}

	if (b.mask[3/8] & (1 << 3 % 8)) != 0 {
		return nil, errors.New("A.F3 field is not provided")
	}

	return b.x, nil
}
