--- source code ---

			package main

			//go:generate gosb -source=input.go
			type A struct {
				F1 *int
				F2 *string
				F3 *float64
			}


--- generated code ---

// Code generated by go-struct-builder. DO NOT EDIT.
// Source: input.go

package main

type ABuilder struct {
	x    *A
	mask []byte
}

func NewABuilder() *ABuilder {
	return &ABuilder{
		x:    new(A),
		mask: []byte{0x0},
	}
}

func (b *ABuilder) SetF1(v *int) *ABuilder {
	b.x.F1 = v
	return b
}

func (b *ABuilder) SetF2(v *string) *ABuilder {
	b.x.F2 = v
	return b
}

func (b *ABuilder) SetF3(v *float64) *ABuilder {
	b.x.F3 = v
	return b
}

func (b *ABuilder) Build() *A {
	return b.x
}
