--- source code ---

			package main

			//go:generate gosb -source=input.go
			type A struct {
				f1 int
				f2 string
			}


--- generated code ---

// Code generated by go-struct-builder. DO NOT EDIT.
// Source: input.go

package main

import (
	"errors"
)

func (t *A) F1() int {
	return t.f1
}

func (t *A) F2() string {
	return t.f2
}

type ABuilder struct {
	x    *A
	mask []byte
}

func NewABuilder() *ABuilder {
	/**
	Required fields:
	1) f1 int
	2) f2 string
	*/

	return &ABuilder{
		x:    new(A),
		mask: []byte{0x6},
	}
}

func (b *ABuilder) SetF1(v int) *ABuilder {
	b.x.f1 = v
	b.mask[1/8] &= ^uint8(1 << 1 % 8)
	return b
}

func (b *ABuilder) SetF2(v string) *ABuilder {
	b.x.f2 = v
	b.mask[2/8] &= ^uint8(1 << 2 % 8)
	return b
}

func (b *ABuilder) Build() (*A, error) {
	if (b.mask[1/8] & (1 << 1 % 8)) != 0 {
		return nil, errors.New("A.f1 field is not provided")
	}

	if (b.mask[2/8] & (1 << 2 % 8)) != 0 {
		return nil, errors.New("A.f2 field is not provided")
	}

	return b.x, nil
}
