--- source code ---

			package main
		
			import t1 "time"
			import t2 "time"

			//go:generate gosb -source=input.go
			type A struct {
				F1 t1.Time
			}

			type B struct {
				F2 t2.Time
			}


--- generated code ---

// Code generated by go-struct-builder. DO NOT EDIT.
// Source: input.go

package main

import (
	"errors"
	t1 "time"
)

type ABuilder struct {
	x    *A
	mask []byte
}

func NewABuilder() *ABuilder {
	/**
	Required fields:
	1) F1 t1.Time
	*/

	return &ABuilder{
		x:    new(A),
		mask: []byte{0x2},
	}
}

func (b *ABuilder) SetF1(v t1.Time) *ABuilder {
	b.x.F1 = v
	b.mask[1/8] &= ^uint8(1 << 1 % 8)
	return b
}

func (b *ABuilder) Build() (*A, error) {
	if (b.mask[1/8] & (1 << 1 % 8)) != 0 {
		return nil, errors.New("A.F1 field is not provided")
	}

	return b.x, nil
}
